// Jest Snapshot v1, https://goo.gl/fbAQLP

exports[`should render editExpensePage correctly 1`] = `
<div>
  <ExpenseForm
    expense={
      Object {
        "amount": 80000,
        "createdAt": 0,
        "description": "Rent",
        "id": "1",
        "note": "this month rent",
      }
    }
    onSubmit={[Function]}
  />
  <button
    onClick={[Function]}
  >
    Remove
  </button>
</div>
`;
